Schema | Name 
--------+------
(0 rows)

ROWS: 0

 Schema | Name 
--------+------
 test   | foo  
(1 row)
