ROWS: 0

ROWS: 3

 label | long_label | a 
-------+------------+---
     1 |            | 3 
     4 |            | 6 
     7 |          8 |   
(3 rows)

Format NULL as "NULL"
 label | long_label |  a   
-------+------------+------
     1 |       NULL |    3 
     4 |       NULL |    6 
     7 |          8 | NULL 
(3 rows)

Format NULL as ""
 label | long_label | a 
-------+------------+---
     1 |            | 3 
     4 |            | 6 
     7 |          8 |   
(3 rows)