_SQL_COL_1 
------------
          1 
(1 row)

 _SQL_COL_1 
------------
          2 
(1 row)

 _SQL_COL_1 
------------
          3 
(1 row)

 _SQL_COL_1 
------------
          4 
(1 row)

 _SQL_COL_1 
------------
          5 
(1 row)

   _SQL_COL_1    
-----------------
 foo--bar -- zap 
(1 row)

