WARNING: Cannot find the table `test`.`c`
ROWS: 0

WARNING: Cannot find the table `test`.`o`
ROWS: 0

WARNING: Cannot find the table `test`.`c`
ROWS: 0

ROWS: 0

ROWS: 0

WARNING: Cannot find the table `test`.`x`
ROWS: 0

ROWS: 0

